<?xml version="1.0"?>


<!DOCTYPE rdf:RDF [
    <!ENTITY dct "http://purl.org/dc/terms/" >
    <!ENTITY owl "http://www.w3.org/2002/07/owl#" >
    <!ENTITY xsd "http://www.w3.org/2001/XMLSchema#" >
    <!ENTITY skos "http://www.w3.org/2004/02/skos/core#" >
    <!ENTITY xml "http://www.w3.org/XML/1998/namespace" >
    <!ENTITY rdfs "http://www.w3.org/2000/01/rdf-schema#" >
    <!ENTITY rdf "http://www.w3.org/1999/02/22-rdf-syntax-ns#" >
    <!ENTITY fibo-fnd-law-cor "http://www.omg.org/spec/EDMC-FIBO/FND/Law/LegalCore/" >
    <!ENTITY fibo-fnd-pty-rl "http://www.omg.org/spec/EDMC-FIBO/FND/Parties/Roles/" >
    <!ENTITY fibo-fnd-pty-pty "http://www.omg.org/spec/EDMC-FIBO/FND/Parties/Parties/" >
    <!ENTITY fibo-fnd-law-jur "http://www.omg.org/spec/EDMC-FIBO/FND/Law/Jurisdiction/" >
    <!ENTITY fibo-fnd-plc-adr "http://www.omg.org/spec/EDMC-FIBO/FND/Places/Addresses/" >
    <!ENTITY fibo-fnd-plc-cty "http://www.omg.org/spec/EDMC-FIBO/FND/Places/Countries/" >
    <!ENTITY fibo-fnd-plc-loc "http://www.omg.org/spec/EDMC-FIBO/FND/Places/Locations/" >
    <!ENTITY fibo-fnd-law-lcap "http://www.omg.org/spec/EDMC-FIBO/FND/Law/LegalCapacity/" >
    <!ENTITY sm "http://www.omg.org/techprocess/ab/SpecificationMetadata/" >
    <!ENTITY fibo-fnd-rel-rel "http://www.omg.org/spec/EDMC-FIBO/FND/Relations/Relations/" >
    <!ENTITY fibo-fnd-agr-ctr "http://www.omg.org/spec/EDMC-FIBO/FND/Agreements/Contracts/" >
    <!ENTITY fibo-fnd-agr-agr "http://www.omg.org/spec/EDMC-FIBO/FND/Agreements/Agreements/" >
    <!ENTITY fibo-fnd-aap-agt "http://www.omg.org/spec/EDMC-FIBO/FND/AgentsAndPeople/Agents/" >
    <!ENTITY fibo-fnd-aap-ppl "http://www.omg.org/spec/EDMC-FIBO/FND/AgentsAndPeople/People/" >
    <!ENTITY fibo-be-corp-corp "http://www.omg.org/spec/EDMC-FIBO/BE/Corporations/Corporations/" >
    <!ENTITY fibo-fnd-gao-gl "http://www.omg.org/spec/EDMC-FIBO/FND/GoalsAndObjectives/Goals/" >
    <!ENTITY fibo-be-le-lp "http://www.omg.org/spec/EDMC-FIBO/BE/LegalEntities/LegalPersons/" >
    <!ENTITY fibo-fnd-acc-cur "http://www.omg.org/spec/EDMC-FIBO/FND/Accounting/CurrencyAmount/" >
    <!ENTITY fibo-fnd-acc-aeq "http://www.omg.org/spec/EDMC-FIBO/FND/Accounting/AccountingEquity/" >
    <!ENTITY fibo-fnd-org-org "http://www.omg.org/spec/EDMC-FIBO/FND/Organizations/Organizations/" >
    <!ENTITY fibo-be-le-cb "http://www.omg.org/spec/EDMC-FIBO/BE/LegalEntities/CorporateBodies/" >
    <!ENTITY fibo-fnd-oac-own "http://www.omg.org/spec/EDMC-FIBO/FND/OwnershipAndControl/Ownership/" >
    <!ENTITY fibo-fnd-utl-bt "http://www.omg.org/spec/EDMC-FIBO/FND/Utilities/BusinessFacingTypes/" >
    <!ENTITY fibo-fnd-utl-av "http://www.omg.org/spec/EDMC-FIBO/FND/Utilities/AnnotationVocabulary/" >
    <!ENTITY fibo-fnd-org-fm "http://www.omg.org/spec/EDMC-FIBO/FND/Organizations/FormalOrganizations/" >
    <!ENTITY fibo-be-fct-fct "http://www.omg.org/spec/EDMC-FIBO/BE/FunctionalEntities/FunctionalEntities/" >
    <!ENTITY fibo-be-le-fbo "http://www.omg.org/spec/EDMC-FIBO/BE/LegalEntities/FormalBusinessOrganizations/" >
]>


<rdf:RDF xmlns="http://www.omg.org/spec/EDMC-FIBO/BE/FunctionalEntities/FunctionalEntities/"
     xml:base="http://www.omg.org/spec/EDMC-FIBO/BE/FunctionalEntities/FunctionalEntities/"
     xmlns:fibo-fnd-plc-adr="http://www.omg.org/spec/EDMC-FIBO/FND/Places/Addresses/"
     xmlns:fibo-fnd-org-fm="http://www.omg.org/spec/EDMC-FIBO/FND/Organizations/FormalOrganizations/"
     xmlns:fibo-fnd-rel-rel="http://www.omg.org/spec/EDMC-FIBO/FND/Relations/Relations/"
     xmlns:owl="http://www.w3.org/2002/07/owl#"
     xmlns:fibo-fnd-acc-cur="http://www.omg.org/spec/EDMC-FIBO/FND/Accounting/CurrencyAmount/"
     xmlns:xsd="http://www.w3.org/2001/XMLSchema#"
     xmlns:skos="http://www.w3.org/2004/02/skos/core#"
     xmlns:rdfs="http://www.w3.org/2000/01/rdf-schema#"
     xmlns:fibo-be-le-fbo="http://www.omg.org/spec/EDMC-FIBO/BE/LegalEntities/FormalBusinessOrganizations/"
     xmlns:fibo-fnd-plc-cty="http://www.omg.org/spec/EDMC-FIBO/FND/Places/Countries/"
     xmlns:fibo-fnd-aap-ppl="http://www.omg.org/spec/EDMC-FIBO/FND/AgentsAndPeople/People/"
     xmlns:fibo-fnd-acc-aeq="http://www.omg.org/spec/EDMC-FIBO/FND/Accounting/AccountingEquity/"
     xmlns:dct="http://purl.org/dc/terms/"
     xmlns:xml="http://www.w3.org/XML/1998/namespace"
     xmlns:fibo-fnd-pty-rl="http://www.omg.org/spec/EDMC-FIBO/FND/Parties/Roles/"
     xmlns:fibo-fnd-pty-pty="http://www.omg.org/spec/EDMC-FIBO/FND/Parties/Parties/"
     xmlns:fibo-fnd-utl-av="http://www.omg.org/spec/EDMC-FIBO/FND/Utilities/AnnotationVocabulary/"
     xmlns:sm="http://www.omg.org/techprocess/ab/SpecificationMetadata/"
     xmlns:fibo-fnd-agr-ctr="http://www.omg.org/spec/EDMC-FIBO/FND/Agreements/Contracts/"
     xmlns:fibo-be-le-lp="http://www.omg.org/spec/EDMC-FIBO/BE/LegalEntities/LegalPersons/"
     xmlns:fibo-fnd-org-org="http://www.omg.org/spec/EDMC-FIBO/FND/Organizations/Organizations/"
     xmlns:fibo-fnd-gao-gl="http://www.omg.org/spec/EDMC-FIBO/FND/GoalsAndObjectives/Goals/"
     xmlns:fibo-be-fct-fct="http://www.omg.org/spec/EDMC-FIBO/BE/FunctionalEntities/FunctionalEntities/"
     xmlns:fibo-fnd-aap-agt="http://www.omg.org/spec/EDMC-FIBO/FND/AgentsAndPeople/Agents/"
     xmlns:fibo-fnd-law-lcap="http://www.omg.org/spec/EDMC-FIBO/FND/Law/LegalCapacity/"
     xmlns:fibo-fnd-oac-own="http://www.omg.org/spec/EDMC-FIBO/FND/OwnershipAndControl/Ownership/"
     xmlns:fibo-fnd-agr-agr="http://www.omg.org/spec/EDMC-FIBO/FND/Agreements/Agreements/"
     xmlns:rdf="http://www.w3.org/1999/02/22-rdf-syntax-ns#"
     xmlns:fibo-be-le-cb="http://www.omg.org/spec/EDMC-FIBO/BE/LegalEntities/CorporateBodies/"
     xmlns:fibo-fnd-plc-loc="http://www.omg.org/spec/EDMC-FIBO/FND/Places/Locations/"
     xmlns:fibo-fnd-law-jur="http://www.omg.org/spec/EDMC-FIBO/FND/Law/Jurisdiction/"
     xmlns:fibo-fnd-utl-bt="http://www.omg.org/spec/EDMC-FIBO/FND/Utilities/BusinessFacingTypes/"
     xmlns:fibo-fnd-law-cor="http://www.omg.org/spec/EDMC-FIBO/FND/Law/LegalCore/"
     xmlns:fibo-be-corp-corp="http://www.omg.org/spec/EDMC-FIBO/BE/Corporations/Corporations/">
    <owl:Ontology rdf:about="http://www.omg.org/spec/EDMC-FIBO/BE/FunctionalEntities/FunctionalEntities/">
        <rdfs:label>Financial Industry Business Ontology (FIBO) Functional Entities Ontology</rdfs:label>
        <sm:moduleVersion rdf:datatype="&xsd;string">1.0</sm:moduleVersion>
        <sm:thisVersion rdf:datatype="&xsd;string">1.0 </sm:thisVersion>
        <sm:publicationDate rdf:datatype="&xsd;dateTime">2013-11-11T18:00:00</sm:publicationDate>
        <sm:contributor rdf:datatype="&xsd;string">Adaptive, Inc.</sm:contributor>
        <sm:copyright rdf:datatype="&xsd;string">Copyright (c) 2013 EDM Council, Inc.
Copyright (c) 2013 Object Management Group, Inc.</sm:copyright>
        <sm:submitter rdf:datatype="&xsd;string">EDM Council, Inc.</sm:submitter>
        <sm:familyAbbreviation rdf:datatype="&xsd;string">FIBO</sm:familyAbbreviation>
        <sm:keyword rdf:datatype="&xsd;string">FIBO</sm:keyword>
        <sm:specificationAbbreviation rdf:datatype="&xsd;string">FIBO-BE</sm:specificationAbbreviation>
        <sm:moduleAbbreviation rdf:datatype="&xsd;string">FIBO-BE-FCT</sm:moduleAbbreviation>
        <sm:keyword rdf:datatype="&xsd;string">Financial Industry Business Ontology</sm:keyword>
        <sm:familyTitle rdf:datatype="&xsd;string">Financial Industry Business Ontology (FIBO)</sm:familyTitle>
        <sm:specificationTitle rdf:datatype="&xsd;string">Financial Industry Business Ontology (FIBO) Business Entities Specification</sm:specificationTitle>
        <sm:moduleName rdf:datatype="&xsd;string">Functional Entities</sm:moduleName>
        <sm:filename rdf:datatype="&xsd;string">Functional Entities Ontology</sm:filename>
        <sm:keyword rdf:datatype="&xsd;string">LEI</sm:keyword>
        <sm:specificationVersionStatus rdf:datatype="&xsd;string">Request For Comments (RFC)</sm:specificationVersionStatus>
        <dct:license rdf:datatype="&xsd;string">The MIT License:  Permission is hereby granted, free of charge, to any person obtaining a copy of this software and associated documentation files (the &quot;Software&quot;), to deal in the Software without restriction, including without limitation the rights to use, copy, modify, merge, publish, distribute, sublicense, and/or sell copies of the Software, and to permit persons to whom the Software is furnished to do so, subject to the following conditions:

The copyright notice and this permission notice shall be included in all copies or substantial portions of the Software.

THE SOFTWARE IS PROVIDED &quot;AS IS&quot;, WITHOUT WARRANTY OF ANY KIND, EXPRESS OR IMPLIED, INCLUDING BUT NOT LIMITED TO THE WARRANTIES OF MERCHANTABILITY, FITNESS FOR A PARTICULAR PURPOSE
AND NONINFRINGEMENT.  IN NO EVENT SHALL THE AUTHORS OR COPYRIGHT HOLDERS BE LIABLE FOR ANY CLAIM, DAMAGES OR OTHER LIABILITY, WHETHER IN AN ACTION OF CONTRACT, TORT OR OTHERWISE, ARISING FROM, OUT OF OR IN CONNECTION WITH THE SOFTWARE OR THE USE OR OTHER DEALINGS IN THE SOFTWARE.</dct:license>
        <sm:specificationAbstract rdf:datatype="&xsd;string">The business scope of this specification is all terms relating to and descriptive and/or definitive of a range of business entities and legal entities that are considered by financial industry firms, regulators and other industry participants to be of relevance in financial and other activities.

The scope of the terms in this specification is those common to legal entities, formal organizations, terms definitive of or descriptive of companies incorporated by the issuance of shares and other forms of incorporated entity, terms which define the existence of other kinds of legal entity, terms specific to trusts, and terms defining the relationships both of ownership and control between and among the kinds of organization listed above. Also in scope are entities defined according to their role or function, including but not limited to banks, non-profit entities, government bodies, non-government and quasi-non government organizations, international bodies and the like. </sm:specificationAbstract>
        <sm:familyAbstract rdf:datatype="&xsd;string">The content that comprises the Financial Industry Business Ontology (FIBO) is documentation, interpretable in formal logic, of the concepts represented by finance industry terms as used in official financial organization documents such as contracts, product/service specifications and governance and regulatory compliance documents.</sm:familyAbstract>
        <sm:contributor rdf:datatype="&xsd;string">Thematix Partners LLC</sm:contributor>
        <sm:moduleAbstract rdf:datatype="&xsd;string">This module includes ontologies describing ...</sm:moduleAbstract>
        <sm:fileAbstract rdf:datatype="&xsd;string">This ontology defines the fundamental concepts for ...</sm:fileAbstract>
        <skos:historyNote rdf:datatype="&xsd;string">This version of the FIBO Business Entities Specification represents an initial submission to the December 2013 OMG Technical Meeting in Santa Clara, CA. 

Revisions to FIBO Business Entities (BE) are managed per the process outlined in the Policies and Procedures for OMG standards, with the intent to maintain backwards compatibility in the ontologies to the degree possible.
  
The RDF/XML serialized OWL for the BE ODM/OWL ontologies have been checked for syntactic errors and logical consistency with Protege 4 (http://protege.stanford.edu/), HermiT 1.3.7 (http://www.hermit-reasoner.com/) and Pellet 2.2 (http://clarkparsia.com/pellet/).</skos:historyNote>
        <sm:keyword rdf:datatype="&xsd;string">business entities</sm:keyword>
        <sm:fileAbbreviation rdf:datatype="&xsd;string">fibo-be-fct-fct</sm:fileAbbreviation>
        <sm:topicArea rdf:datatype="&xsd;string">finance</sm:topicArea>
        <sm:technologyArea rdf:datatype="&xsd;string">formal semantics</sm:technologyArea>
        <sm:responsibleTaskForce rdf:datatype="&xsd;anyURI">http://fdtf.omg.org/</sm:responsibleTaskForce>
        <dct:license rdf:datatype="&xsd;anyURI">http://opensource.org/licenses/mit-license.php</dct:license>
        <sm:addressForComments rdf:datatype="&xsd;anyURI">http://www.omg.org/issues/</sm:addressForComments>
        <sm:familyURL rdf:datatype="&xsd;anyURI">http://www.omg.org/spec/EDMC-FIBO/</sm:familyURL>
        <sm:specificationURL rdf:datatype="&xsd;anyURI">http://www.omg.org/spec/EDMC-FIBO/BE/</sm:specificationURL>
        <sm:specificationVersionURL rdf:datatype="&xsd;anyURI">http://www.omg.org/spec/EDMC-FIBO/BE/1.0/</sm:specificationVersionURL>
        <owl:versionIRI rdf:datatype="&xsd;anyURI">http://www.omg.org/spec/EDMC-FIBO/BE/20131101/FunctionalEntities/FunctionalEntities/</owl:versionIRI>
        <sm:dependsOn rdf:datatype="&xsd;anyURI">http://www.omg.org/spec/EDMC-FIBO/BE/Corporations/Corporations/</sm:dependsOn>
        <sm:dependsOn rdf:datatype="&xsd;anyURI">http://www.omg.org/spec/EDMC-FIBO/BE/LegalEntities/CorporateBodies/</sm:dependsOn>
        <sm:dependsOn rdf:datatype="&xsd;anyURI">http://www.omg.org/spec/EDMC-FIBO/BE/LegalEntities/FormalBusinessOrganizations/</sm:dependsOn>
        <sm:dependsOn rdf:datatype="&xsd;anyURI">http://www.omg.org/spec/EDMC-FIBO/BE/LegalEntities/LegalPersons/</sm:dependsOn>
        <sm:dependsOn rdf:datatype="&xsd;anyURI">http://www.omg.org/spec/EDMC-FIBO/FND/</sm:dependsOn>
        <sm:contentLanguage rdf:datatype="&xsd;anyURI">http://www.omg.org/spec/ODM/</sm:contentLanguage>
        <sm:dependsOn rdf:datatype="&xsd;anyURI">http://www.omg.org/techprocess/ab/SpecificationMetadata/</sm:dependsOn>
        <sm:contentLanguage rdf:datatype="&xsd;anyURI">http://www.w3.org/standards/techs/owl#w3c_all</sm:contentLanguage>
        <sm:keyword rdf:datatype="&xsd;string">legal entities</sm:keyword>
        <sm:keyword rdf:datatype="&xsd;string">ontology</sm:keyword>
        <sm:keyword rdf:datatype="&xsd;string">vocabulary</sm:keyword>
        <owl:imports rdf:resource="http://www.omg.org/spec/EDMC-FIBO/BE/Corporations/Corporations/"/>
        <owl:imports rdf:resource="http://www.omg.org/spec/EDMC-FIBO/BE/LegalEntities/CorporateBodies/"/>
        <owl:imports rdf:resource="http://www.omg.org/spec/EDMC-FIBO/BE/LegalEntities/FormalBusinessOrganizations/"/>
        <owl:imports rdf:resource="http://www.omg.org/spec/EDMC-FIBO/BE/LegalEntities/LegalPersons/"/>
        <owl:imports rdf:resource="http://www.omg.org/spec/EDMC-FIBO/FND/Accounting/AccountingEquity/"/>
        <owl:imports rdf:resource="http://www.omg.org/spec/EDMC-FIBO/FND/Accounting/CurrencyAmount/"/>
        <owl:imports rdf:resource="http://www.omg.org/spec/EDMC-FIBO/FND/AgentsAndPeople/Agents/"/>
        <owl:imports rdf:resource="http://www.omg.org/spec/EDMC-FIBO/FND/AgentsAndPeople/People/"/>
        <owl:imports rdf:resource="http://www.omg.org/spec/EDMC-FIBO/FND/Agreements/Agreements/"/>
        <owl:imports rdf:resource="http://www.omg.org/spec/EDMC-FIBO/FND/Agreements/Contracts/"/>
        <owl:imports rdf:resource="http://www.omg.org/spec/EDMC-FIBO/FND/GoalsAndObjectives/Goals/"/>
        <owl:imports rdf:resource="http://www.omg.org/spec/EDMC-FIBO/FND/Law/Jurisdiction/"/>
        <owl:imports rdf:resource="http://www.omg.org/spec/EDMC-FIBO/FND/Law/LegalCapacity/"/>
        <owl:imports rdf:resource="http://www.omg.org/spec/EDMC-FIBO/FND/Law/LegalCore/"/>
        <owl:imports rdf:resource="http://www.omg.org/spec/EDMC-FIBO/FND/Organizations/FormalOrganizations/"/>
        <owl:imports rdf:resource="http://www.omg.org/spec/EDMC-FIBO/FND/Organizations/Organizations/"/>
        <owl:imports rdf:resource="http://www.omg.org/spec/EDMC-FIBO/FND/OwnershipAndControl/Ownership/"/>
        <owl:imports rdf:resource="http://www.omg.org/spec/EDMC-FIBO/FND/Parties/Parties/"/>
        <owl:imports rdf:resource="http://www.omg.org/spec/EDMC-FIBO/FND/Parties/Roles/"/>
        <owl:imports rdf:resource="http://www.omg.org/spec/EDMC-FIBO/FND/Places/Addresses/"/>
        <owl:imports rdf:resource="http://www.omg.org/spec/EDMC-FIBO/FND/Places/Countries/"/>
        <owl:imports rdf:resource="http://www.omg.org/spec/EDMC-FIBO/FND/Places/Locations/"/>
        <owl:imports rdf:resource="http://www.omg.org/spec/EDMC-FIBO/FND/Relations/Relations/"/>
        <owl:imports rdf:resource="http://www.omg.org/spec/EDMC-FIBO/FND/Utilities/AnnotationVocabulary/"/>
        <owl:imports rdf:resource="http://www.omg.org/spec/EDMC-FIBO/FND/Utilities/BusinessFacingTypes/"/>
        <owl:imports rdf:resource="http://www.omg.org/techprocess/ab/SpecificationMetadata/"/>
    </owl:Ontology>
    


    <!-- 
    ///////////////////////////////////////////////////////////////////////////////////////
    //
    // Annotation properties
    //
    ///////////////////////////////////////////////////////////////////////////////////////
     -->

    


    <!-- http://www.omg.org/spec/EDMC-FIBO/FND/Utilities/AnnotationVocabulary/definitionOrigin -->

    <owl:AnnotationProperty rdf:about="&fibo-fnd-utl-av;definitionOrigin"/>
    


    <!-- http://www.omg.org/spec/EDMC-FIBO/FND/Utilities/AnnotationVocabulary/explanatoryNote -->

    <owl:AnnotationProperty rdf:about="&fibo-fnd-utl-av;explanatoryNote"/>
    


    <!-- http://www.omg.org/spec/EDMC-FIBO/FND/Utilities/AnnotationVocabulary/synonym -->

    <owl:AnnotationProperty rdf:about="&fibo-fnd-utl-av;synonym"/>
    


    <!-- http://www.omg.org/spec/EDMC-FIBO/FND/Utilities/AnnotationVocabulary/termOrigin -->

    <owl:AnnotationProperty rdf:about="&fibo-fnd-utl-av;termOrigin"/>
    


    <!-- http://www.w3.org/2002/07/owl#qualifiedCardinality -->

    <owl:AnnotationProperty rdf:about="&owl;qualifiedCardinality"/>
    


    <!-- http://www.w3.org/2004/02/skos/core#definition -->

    <owl:AnnotationProperty rdf:about="&skos;definition"/>
    


    <!-- 
    ///////////////////////////////////////////////////////////////////////////////////////
    //
    // Object Properties
    //
    ///////////////////////////////////////////////////////////////////////////////////////
     -->

    


    <!-- http://www.omg.org/spec/EDMC-FIBO/BE/FunctionalEntities/FunctionalEntities/isCharacterizedBy -->

    <owl:ObjectProperty rdf:about="&fibo-be-fct-fct;isCharacterizedBy">
        <owl:inverseOf rdf:resource="&fibo-fnd-rel-rel;characterizes"/>
    </owl:ObjectProperty>
    


    <!-- http://www.omg.org/spec/EDMC-FIBO/FND/Relations/Relations/characterizes -->

    <owl:ObjectProperty rdf:about="&fibo-fnd-rel-rel;characterizes"/>
    


    <!-- 
    ///////////////////////////////////////////////////////////////////////////////////////
    //
    // Classes
    //
    ///////////////////////////////////////////////////////////////////////////////////////
     -->

    


    <!-- http://org.semanticweb.owlapi/error#Error1 -->

    <owl:Class rdf:about="http://org.semanticweb.owlapi/error#Error1"/>
    


    <!-- http://org.semanticweb.owlapi/error#Error2 -->

    <owl:Class rdf:about="http://org.semanticweb.owlapi/error#Error2"/>
    


    <!-- http://org.semanticweb.owlapi/error#Error3 -->

    <owl:Class rdf:about="http://org.semanticweb.owlapi/error#Error3"/>
    


    <!-- http://org.semanticweb.owlapi/error#Error4 -->

    <owl:Class rdf:about="http://org.semanticweb.owlapi/error#Error4"/>
    


    <!-- http://www.omg.org/spec/EDMC-FIBO/BE/FunctionalEntities/FunctionalEntities/BenefitCorporation -->

    <owl:Class rdf:about="&fibo-be-fct-fct;BenefitCorporation">
        <rdfs:subClassOf rdf:resource="http://org.semanticweb.owlapi/error#Error2"/>
        <rdfs:subClassOf rdf:resource="&fibo-be-fct-fct;FunctionalBusinessEntity"/>
    </owl:Class>
    


    <!-- http://www.omg.org/spec/EDMC-FIBO/BE/FunctionalEntities/FunctionalEntities/Business -->

    <owl:Class rdf:about="&fibo-be-fct-fct;Business">
        <owl:equivalentClass>
            <owl:Restriction>
                <owl:onProperty rdf:resource="&fibo-be-fct-fct;isCharacterizedBy"/>
                <owl:onClass rdf:resource="&fibo-be-fct-fct;CommercialActivity"/>
                <owl:minQualifiedCardinality rdf:datatype="&xsd;nonNegativeInteger">1</owl:minQualifiedCardinality>
            </owl:Restriction>
        </owl:equivalentClass>
        <rdfs:subClassOf rdf:resource="&fibo-be-fct-fct;FunctionalBusinessEntity"/>
    </owl:Class>
    


    <!-- http://www.omg.org/spec/EDMC-FIBO/BE/FunctionalEntities/FunctionalEntities/Commerce -->

    <owl:Class rdf:about="&fibo-be-fct-fct;Commerce">
        <rdfs:subClassOf rdf:resource="&fibo-be-fct-fct;CommercialActivity"/>
    </owl:Class>
    


    <!-- http://www.omg.org/spec/EDMC-FIBO/BE/FunctionalEntities/FunctionalEntities/CommercialActivity -->

    <owl:Class rdf:about="&fibo-be-fct-fct;CommercialActivity"/>
    


    <!-- http://www.omg.org/spec/EDMC-FIBO/BE/FunctionalEntities/FunctionalEntities/CooperativeSociety -->

    <owl:Class rdf:about="&fibo-be-fct-fct;CooperativeSociety">
        <rdfs:subClassOf rdf:resource="&fibo-be-fct-fct;FunctionalBusinessEntity"/>
    </owl:Class>
    


    <!-- http://www.omg.org/spec/EDMC-FIBO/BE/FunctionalEntities/FunctionalEntities/FamilyOffice -->

    <owl:Class rdf:about="&fibo-be-fct-fct;FamilyOffice">
        <rdfs:subClassOf rdf:resource="&fibo-be-fct-fct;FunctionalBusinessEntity"/>
    </owl:Class>
    


    <!-- http://www.omg.org/spec/EDMC-FIBO/BE/FunctionalEntities/FunctionalEntities/FunctionalBusinessEntity -->

    <owl:Class rdf:about="&fibo-be-fct-fct;FunctionalBusinessEntity">
        <rdfs:subClassOf rdf:resource="http://org.semanticweb.owlapi/error#Error3"/>
    </owl:Class>
    


    <!-- http://www.omg.org/spec/EDMC-FIBO/BE/FunctionalEntities/FunctionalEntities/Merchant -->

    <owl:Class rdf:about="&fibo-be-fct-fct;Merchant">
        <owl:equivalentClass>
            <owl:Restriction>
                <owl:onProperty rdf:resource="&fibo-be-fct-fct;isCharacterizedBy"/>
                <owl:onClass rdf:resource="&fibo-be-fct-fct;Commerce"/>
                <owl:minQualifiedCardinality rdf:datatype="&xsd;nonNegativeInteger">1</owl:minQualifiedCardinality>
            </owl:Restriction>
        </owl:equivalentClass>
        <rdfs:subClassOf rdf:resource="&fibo-be-fct-fct;Business"/>
    </owl:Class>
    


    <!-- http://www.omg.org/spec/EDMC-FIBO/BE/FunctionalEntities/FunctionalEntities/NonProfitOrganization -->

    <owl:Class rdf:about="&fibo-be-fct-fct;NonProfitOrganization">
        <rdfs:subClassOf rdf:resource="http://org.semanticweb.owlapi/error#Error4"/>
        <rdfs:subClassOf rdf:resource="&fibo-be-fct-fct;FunctionalBusinessEntity"/>
    </owl:Class>
    


    <!-- http://www.omg.org/spec/EDMC-FIBO/BE/FunctionalEntities/FunctionalEntities/SoleProprietorship -->

    <owl:Class rdf:about="&fibo-be-fct-fct;SoleProprietorship">
        <rdfs:subClassOf rdf:resource="http://org.semanticweb.owlapi/error#Error1"/>
        <rdfs:subClassOf rdf:resource="&fibo-be-fct-fct;Business"/>
    </owl:Class>
    <rdf:Description>
        <owl:qualifiedCardinality rdf:datatype="&xsd;nonNegativeInteger">1</owl:qualifiedCardinality>
    </rdf:Description>
    <rdf:Description>
        <owl:qualifiedCardinality rdf:datatype="&xsd;nonNegativeInteger">1</owl:qualifiedCardinality>
    </rdf:Description>
    <rdf:Description>
        <owl:qualifiedCardinality rdf:datatype="&xsd;nonNegativeInteger">1</owl:qualifiedCardinality>
    </rdf:Description>
    <rdf:Description>
        <owl:qualifiedCardinality rdf:datatype="&xsd;nonNegativeInteger">1</owl:qualifiedCardinality>
    </rdf:Description>
    


    <!-- 
    ///////////////////////////////////////////////////////////////////////////////////////
    //
    // Annotations
    //
    ///////////////////////////////////////////////////////////////////////////////////////
     -->

    <rdf:Description rdf:about="&fibo-be-fct-fct;SoleProprietorship">
        <rdfs:label>sole proprietorship</rdfs:label>
        <skos:definition>A business structure in which an individual and his/her company are considered a single entity for tax and liability purposes.</skos:definition>
        <fibo-fnd-utl-av:explanatoryNote>A sole proprietorship is a company which is not registered with the state as a limited liability company or corporation. The owner does not pay income tax separately for the company, but he/she reports business income or losses on his/her individual income tax return. The owner is inseparable from the sole proprietorship, so he/she is liable for any business debts.</fibo-fnd-utl-av:explanatoryNote>
        <fibo-fnd-utl-av:definitionOrigin>Investorwords.com</fibo-fnd-utl-av:definitionOrigin>
        <fibo-fnd-utl-av:synonym>proprietorship</fibo-fnd-utl-av:synonym>
        <fibo-fnd-utl-av:synonym>sole trader</fibo-fnd-utl-av:synonym>
    </rdf:Description>
    <rdf:Description rdf:about="&fibo-be-fct-fct;Merchant">
        <rdfs:label>merchant</rdfs:label>
        <skos:definition>A business entity engaged in a trading activity.</skos:definition>
    </rdf:Description>
    <rdf:Description rdf:about="&fibo-be-fct-fct;BenefitCorporation">
        <rdfs:label>benefit corporation</rdfs:label>
        <skos:definition>Corporation set up under specific state legislation to provide some stated societal benefit, and with some corresponding relaxation of the obligation to maximize shareholder return.</skos:definition>
        <fibo-fnd-utl-av:explanatoryNote>This is a US-specific type of entity defined in new and emerging legislation in the US states of California, Hawaii, Virginia, Maryland, Vermont, New Jersey. Additional upcoming legislation (as at November 2011) in Colorado, New York, North Carolina, Pennsylvania, Michigan. Much of the description is framed in terms of the role of the entity rather than its nature, however the legislation specifically relaxes or otherwise changes the basic parameters of the Incorporated Company structure (for example relaxing the requirement to maximize shareholder return) It may therefore be more correct to define this as a type of Incorporated Company not a role that one sits in. Having said this, B Corporations are certified by a certifying body (B Lab), which impies that they already exist and are granted a status in a similar way to that granted to non profit enterprises. Therefore at present this is defined as a status which an Incorporated Company may attain.</fibo-fnd-utl-av:explanatoryNote>
        <fibo-fnd-utl-av:termOrigin>www.bcorporation.net</fibo-fnd-utl-av:termOrigin>
    </rdf:Description>
    <rdf:Description rdf:about="&fibo-be-fct-fct;isCharacterizedBy">
        <rdfs:label>is characterized by</rdfs:label>
        <skos:definition>that context in which a contextually defined thing is defined</skos:definition>
    </rdf:Description>
    <rdf:Description rdf:about="&fibo-be-fct-fct;CommercialActivity">
        <rdfs:label>commercial activity</rdfs:label>
        <skos:definition>The context of carrying out trade and other comercial i.e. for-profit activities.</skos:definition>
        <fibo-fnd-utl-av:explanatoryNote>This is the context which distinguishes &quot;businesses&quot; or commercial organizations from organizations in general, the latter including government, trans-national and non profit organizations. Note that these distinctions are usually made with reference to these kinds of context and are not necessarily reflected in the structure of those organizations.</fibo-fnd-utl-av:explanatoryNote>
    </rdf:Description>
    <rdf:Description rdf:about="&fibo-be-fct-fct;FunctionalBusinessEntity">
        <rdfs:label>functional business entity</rdfs:label>
        <skos:definition>A business entity defined in terms of its function.</skos:definition>
        <fibo-fnd-utl-av:explanatoryNote>The key distinguishing feature of a Functional Business Entity is that it may itself be constituted as some kind of Business Entity or Legal Entity, but the definition of this entity does not depend on it always having one specific legal structure (for exanple always being a limited company). This would define for example a bank, a special purpose vehicle, most government bodies and so on.</fibo-fnd-utl-av:explanatoryNote>
    </rdf:Description>
    <rdf:Description rdf:about="&fibo-be-fct-fct;Commerce">
        <rdfs:label>commerce</rdfs:label>
        <skos:definition>The activity of buying and selling goods.</skos:definition>
    </rdf:Description>
    <rdf:Description rdf:about="&fibo-be-fct-fct;Business">
        <rdfs:label>business</rdfs:label>
        <skos:definition>An organization or economic system where goods and services are exchanged for one another or for money. Every business requires some form of investment and enough customers to whom its output can be sold on a consistent basis in order to make a profit. Businesses can be privately owned, not-for-profit or state-owned. An example of a corporate business is PepsiCo, while a mom-and-pop catering business is a private enterprise.</skos:definition>
        <fibo-fnd-utl-av:definitionOrigin>http://www.businessdictionary.com/definition/business.html</fibo-fnd-utl-av:definitionOrigin>
    </rdf:Description>
    <rdf:Description rdf:about="&fibo-be-fct-fct;CooperativeSociety">
        <rdfs:label>cooperative society</rdfs:label>
        <skos:definition>A commercial enterprise owned and managed by and for the benefit of customers or workers.</skos:definition>
    </rdf:Description>
    <rdf:Description rdf:about="&fibo-be-fct-fct;NonProfitOrganization">
        <rdfs:label>non-profit organization</rdfs:label>
        <fibo-fnd-utl-av:explanatoryNote>A non profit or charitable public or private foundation is a legal entity Action; needs a relationship to Legal Entity. Which is not a human being. Need non human legal entity scope formally defined. Probably has a board of directors.</fibo-fnd-utl-av:explanatoryNote>
        <skos:definition>An organization which exists for some purpose other than to make a profit for its participants.</skos:definition>
        <fibo-fnd-utl-av:synonym>not-for-profit organization</fibo-fnd-utl-av:synonym>
    </rdf:Description>
    <rdf:Description rdf:about="&fibo-be-fct-fct;FamilyOffice">
        <rdfs:label>family office</rdfs:label>
        <skos:definition>Family Office as defined in the relevant legislation.</skos:definition>
    </rdf:Description>
</rdf:RDF>



<!-- Generated by the OWL API (version 1.0.0-SNAPSHOT) http://owlapi.sourceforge.net -->

