<?xml version="1.0"?>


<!DOCTYPE rdf:RDF [
    <!ENTITY dct "http://purl.org/dc/terms/" >
    <!ENTITY owl "http://www.w3.org/2002/07/owl#" >
    <!ENTITY xsd "http://www.w3.org/2001/XMLSchema#" >
    <!ENTITY skos "http://www.w3.org/2004/02/skos/core#" >
    <!ENTITY xml "http://www.w3.org/XML/1998/namespace" >
    <!ENTITY rdfs "http://www.w3.org/2000/01/rdf-schema#" >
    <!ENTITY rdf "http://www.w3.org/1999/02/22-rdf-syntax-ns#" >
    <!ENTITY fibo-fnd-law-cor "http://www.omg.org/spec/EDMC-FIBO/FND/Law/LegalCore/" >
    <!ENTITY fibo-fnd-pty-rl "http://www.omg.org/spec/EDMC-FIBO/FND/Parties/Roles/" >
    <!ENTITY fibo-fnd-pty-pty "http://www.omg.org/spec/EDMC-FIBO/FND/Parties/Parties/" >
    <!ENTITY fibo-fnd-law-jur "http://www.omg.org/spec/EDMC-FIBO/FND/Law/Jurisdiction/" >
    <!ENTITY fibo-fnd-plc-adr "http://www.omg.org/spec/EDMC-FIBO/FND/Places/Addresses/" >
    <!ENTITY fibo-fnd-plc-cty "http://www.omg.org/spec/EDMC-FIBO/FND/Places/Countries/" >
    <!ENTITY fibo-fnd-plc-loc "http://www.omg.org/spec/EDMC-FIBO/FND/Places/Locations/" >
    <!ENTITY fibo-fnd-law-lcap "http://www.omg.org/spec/EDMC-FIBO/FND/Law/LegalCapacity/" >
    <!ENTITY sm "http://www.omg.org/techprocess/ab/SpecificationMetadata/" >
    <!ENTITY fibo-fnd-rel-rel "http://www.omg.org/spec/EDMC-FIBO/FND/Relations/Relations/" >
    <!ENTITY fibo-fnd-agr-ctr "http://www.omg.org/spec/EDMC-FIBO/FND/Agreements/Contracts/" >
    <!ENTITY fibo-fnd-agr-agr "http://www.omg.org/spec/EDMC-FIBO/FND/Agreements/Agreements/" >
    <!ENTITY fibo-fnd-aap-agt "http://www.omg.org/spec/EDMC-FIBO/FND/AgentsAndPeople/Agents/" >
    <!ENTITY fibo-fnd-aap-ppl "http://www.omg.org/spec/EDMC-FIBO/FND/AgentsAndPeople/People/" >
    <!ENTITY fibo-be-corp-corp "http://www.omg.org/spec/EDMC-FIBO/BE/Corporations/Corporations/" >
    <!ENTITY fibo-fnd-gao-gl "http://www.omg.org/spec/EDMC-FIBO/FND/GoalsAndObjectives/Goals/" >
    <!ENTITY fibo-be-le-lp "http://www.omg.org/spec/EDMC-FIBO/BE/LegalEntities/LegalPersons/" >
    <!ENTITY fibo-fnd-acc-cur "http://www.omg.org/spec/EDMC-FIBO/FND/Accounting/CurrencyAmount/" >
    <!ENTITY fibo-fnd-acc-aeq "http://www.omg.org/spec/EDMC-FIBO/FND/Accounting/AccountingEquity/" >
    <!ENTITY fibo-fnd-org-org "http://www.omg.org/spec/EDMC-FIBO/FND/Organizations/Organizations/" >
    <!ENTITY fibo-be-fct-pub "http://www.omg.org/spec/EDMC-FIBO/BE/FunctionalEntities/Publishers/" >
    <!ENTITY fibo-be-le-cb "http://www.omg.org/spec/EDMC-FIBO/BE/LegalEntities/CorporateBodies/" >
    <!ENTITY fibo-fnd-oac-own "http://www.omg.org/spec/EDMC-FIBO/FND/OwnershipAndControl/Ownership/" >
    <!ENTITY fibo-fnd-utl-bt "http://www.omg.org/spec/EDMC-FIBO/FND/Utilities/BusinessFacingTypes/" >
    <!ENTITY fibo-fnd-utl-av "http://www.omg.org/spec/EDMC-FIBO/FND/Utilities/AnnotationVocabulary/" >
    <!ENTITY fibo-fnd-org-fm "http://www.omg.org/spec/EDMC-FIBO/FND/Organizations/FormalOrganizations/" >
    <!ENTITY fibo-be-fct-fct "http://www.omg.org/spec/EDMC-FIBO/BE/FunctionalEntities/FunctionalEntities/" >
    <!ENTITY fibo-be-le-fbo "http://www.omg.org/spec/EDMC-FIBO/BE/LegalEntities/FormalBusinessOrganizations/" >
]>


<rdf:RDF xmlns="http://www.omg.org/spec/EDMC-FIBO/BE/FunctionalEntities/Publishers/"
     xml:base="http://www.omg.org/spec/EDMC-FIBO/BE/FunctionalEntities/Publishers/"
     xmlns:fibo-fnd-plc-adr="http://www.omg.org/spec/EDMC-FIBO/FND/Places/Addresses/"
     xmlns:fibo-fnd-org-fm="http://www.omg.org/spec/EDMC-FIBO/FND/Organizations/FormalOrganizations/"
     xmlns:fibo-fnd-rel-rel="http://www.omg.org/spec/EDMC-FIBO/FND/Relations/Relations/"
     xmlns:owl="http://www.w3.org/2002/07/owl#"
     xmlns:fibo-be-fct-pub="http://www.omg.org/spec/EDMC-FIBO/BE/FunctionalEntities/Publishers/"
     xmlns:fibo-fnd-acc-cur="http://www.omg.org/spec/EDMC-FIBO/FND/Accounting/CurrencyAmount/"
     xmlns:xsd="http://www.w3.org/2001/XMLSchema#"
     xmlns:skos="http://www.w3.org/2004/02/skos/core#"
     xmlns:rdfs="http://www.w3.org/2000/01/rdf-schema#"
     xmlns:fibo-be-le-fbo="http://www.omg.org/spec/EDMC-FIBO/BE/LegalEntities/FormalBusinessOrganizations/"
     xmlns:fibo-fnd-plc-cty="http://www.omg.org/spec/EDMC-FIBO/FND/Places/Countries/"
     xmlns:fibo-fnd-aap-ppl="http://www.omg.org/spec/EDMC-FIBO/FND/AgentsAndPeople/People/"
     xmlns:fibo-fnd-acc-aeq="http://www.omg.org/spec/EDMC-FIBO/FND/Accounting/AccountingEquity/"
     xmlns:dct="http://purl.org/dc/terms/"
     xmlns:xml="http://www.w3.org/XML/1998/namespace"
     xmlns:fibo-fnd-pty-rl="http://www.omg.org/spec/EDMC-FIBO/FND/Parties/Roles/"
     xmlns:fibo-fnd-pty-pty="http://www.omg.org/spec/EDMC-FIBO/FND/Parties/Parties/"
     xmlns:fibo-fnd-utl-av="http://www.omg.org/spec/EDMC-FIBO/FND/Utilities/AnnotationVocabulary/"
     xmlns:sm="http://www.omg.org/techprocess/ab/SpecificationMetadata/"
     xmlns:fibo-fnd-agr-ctr="http://www.omg.org/spec/EDMC-FIBO/FND/Agreements/Contracts/"
     xmlns:fibo-be-le-lp="http://www.omg.org/spec/EDMC-FIBO/BE/LegalEntities/LegalPersons/"
     xmlns:fibo-fnd-org-org="http://www.omg.org/spec/EDMC-FIBO/FND/Organizations/Organizations/"
     xmlns:fibo-fnd-gao-gl="http://www.omg.org/spec/EDMC-FIBO/FND/GoalsAndObjectives/Goals/"
     xmlns:fibo-be-fct-fct="http://www.omg.org/spec/EDMC-FIBO/BE/FunctionalEntities/FunctionalEntities/"
     xmlns:fibo-fnd-aap-agt="http://www.omg.org/spec/EDMC-FIBO/FND/AgentsAndPeople/Agents/"
     xmlns:fibo-fnd-law-lcap="http://www.omg.org/spec/EDMC-FIBO/FND/Law/LegalCapacity/"
     xmlns:fibo-fnd-oac-own="http://www.omg.org/spec/EDMC-FIBO/FND/OwnershipAndControl/Ownership/"
     xmlns:fibo-fnd-agr-agr="http://www.omg.org/spec/EDMC-FIBO/FND/Agreements/Agreements/"
     xmlns:rdf="http://www.w3.org/1999/02/22-rdf-syntax-ns#"
     xmlns:fibo-be-le-cb="http://www.omg.org/spec/EDMC-FIBO/BE/LegalEntities/CorporateBodies/"
     xmlns:fibo-fnd-plc-loc="http://www.omg.org/spec/EDMC-FIBO/FND/Places/Locations/"
     xmlns:fibo-fnd-law-jur="http://www.omg.org/spec/EDMC-FIBO/FND/Law/Jurisdiction/"
     xmlns:fibo-fnd-utl-bt="http://www.omg.org/spec/EDMC-FIBO/FND/Utilities/BusinessFacingTypes/"
     xmlns:fibo-fnd-law-cor="http://www.omg.org/spec/EDMC-FIBO/FND/Law/LegalCore/"
     xmlns:fibo-be-corp-corp="http://www.omg.org/spec/EDMC-FIBO/BE/Corporations/Corporations/">
    <owl:Ontology rdf:about="http://www.omg.org/spec/EDMC-FIBO/BE/FunctionalEntities/Publishers/">
        <rdfs:label>Publishers Ontology</rdfs:label>
        <sm:moduleVersion rdf:datatype="&xsd;string">1.0</sm:moduleVersion>
        <sm:publicationDate rdf:datatype="&xsd;dateTime">2014-05-19T18:00:00</sm:publicationDate>
        <sm:contributor rdf:datatype="&xsd;string">Adaptive, Inc.</sm:contributor>
        <sm:specificationVersionStatus rdf:datatype="&xsd;string">Beta Specification</sm:specificationVersionStatus>
        <sm:copyright rdf:datatype="&xsd;string">Copyright (c) 2013-2014 EDM Council, Inc.
Copyright (c) 2013-2014 Object Management Group, Inc.</sm:copyright>
        <sm:submitter rdf:datatype="&xsd;string">EDM Council, Inc.</sm:submitter>
        <sm:keyword rdf:datatype="&xsd;string">FIBO</sm:keyword>
        <sm:familyAbbreviation rdf:datatype="&xsd;string">FIBO</sm:familyAbbreviation>
        <sm:specificationAbbreviation rdf:datatype="&xsd;string">FIBO-BE</sm:specificationAbbreviation>
        <sm:moduleAbbreviation rdf:datatype="&xsd;string">FIBO-BE-FCT</sm:moduleAbbreviation>
        <sm:keyword rdf:datatype="&xsd;string">Financial Industry Business Ontology</sm:keyword>
        <sm:familyTitle rdf:datatype="&xsd;string">Financial Industry Business Ontology (FIBO)</sm:familyTitle>
        <sm:specificationTitle rdf:datatype="&xsd;string">Financial Industry Business Ontology (FIBO) Business Entities Specification</sm:specificationTitle>
        <sm:moduleName rdf:datatype="&xsd;string">Functional Entities</sm:moduleName>
        <sm:keyword rdf:datatype="&xsd;string">LEI</sm:keyword>
        <sm:filename rdf:datatype="&xsd;string">Publishers</sm:filename>
        <skos:historyNote rdf:datatype="&xsd;string">Revisions to FIBO Business Entities (BE) are managed per the process outlined in the Policies and Procedures for OMG standards, with the intent to maintain backwards compatibility in the ontologies to the degree possible.
  
The RDF/XML serialized OWL for the BE ODM/OWL ontologies have been checked for syntactic errors and logical consistency with Protege 4 (http://protege.stanford.edu/), HermiT 1.3.8 (http://www.hermit-reasoner.com/) and Pellet 2.2 (http://clarkparsia.com/pellet/).</skos:historyNote>
        <sm:specificationAbstract rdf:datatype="&xsd;string">The business scope of this specification is all terms relating to and descriptive and/or definitive of a range of business entities and legal entities that are considered by financial industry firms, regulators and other industry participants to be of relevance in financial and other activities.

The scope of the terms in this specification is those common to legal entities, formal organizations, terms definitive of or descriptive of companies incorporated by the issuance of shares and other forms of incorporated entity, terms which define the existence of other kinds of legal entity, terms specific to trusts, and terms defining the relationships both of ownership and control between and among the kinds of organization listed above. Also in scope are entities defined according to their role or function, including but not limited to banks, non-profit entities, government bodies, non-government and quasi-non government organizations, international bodies and the like. </sm:specificationAbstract>
        <sm:familyAbstract rdf:datatype="&xsd;string">The content that comprises the Financial Industry Business Ontology (FIBO) is documentation, interpretable in formal logic, of the concepts represented by finance industry terms as used in official financial organization documents such as contracts, product/service specifications and governance and regulatory compliance documents.</sm:familyAbstract>
        <sm:contributor rdf:datatype="&xsd;string">Thematix Partners LLC</sm:contributor>
        <sm:moduleAbstract rdf:datatype="&xsd;string">This module includes ontologies describing entities defined according to their function. These are business entities which may take one or more of a number of forms and are defined independently of this and according to some way in which they function in the world at large. These would include special purpose vehicles, banks, government agencies, publishing houses and so on.</sm:moduleAbstract>
        <sm:fileAbstract rdf:datatype="&xsd;string">This ontology defines the fundamental concepts for publishers of information, including entities whose primary function is to publish, and entities (whether or not they are publishers in that sense) which are in the role of the publisher of some information. This ontology also includes the published information itself, i.e. the publication.</sm:fileAbstract>
        <sm:keyword rdf:datatype="&xsd;string">business entities</sm:keyword>
        <sm:fileAbbreviation rdf:datatype="&xsd;string">fibo-be-fct-pub</sm:fileAbbreviation>
        <sm:topicArea rdf:datatype="&xsd;string">finance</sm:topicArea>
        <sm:technologyArea rdf:datatype="&xsd;string">formal semantics</sm:technologyArea>
        <sm:responsibleTaskForce rdf:datatype="&xsd;anyURI">http://fdtf.omg.org/</sm:responsibleTaskForce>
        <dct:license rdf:datatype="&xsd;anyURI">http://opensource.org/licenses/mit-license.php</dct:license>
        <sm:addressForComments rdf:datatype="&xsd;anyURI">http://www.omg.org/issues/</sm:addressForComments>
        <sm:familyURL rdf:datatype="&xsd;anyURI">http://www.omg.org/spec/EDMC-FIBO/</sm:familyURL>
        <sm:specificationURL rdf:datatype="&xsd;anyURI">http://www.omg.org/spec/EDMC-FIBO/BE/</sm:specificationURL>
        <sm:specificationVersionURL rdf:datatype="&xsd;anyURI">http://www.omg.org/spec/EDMC-FIBO/BE/1.0/</sm:specificationVersionURL>
        <sm:dependsOn rdf:datatype="&xsd;anyURI">http://www.omg.org/spec/EDMC-FIBO/BE/Corporations/Corporations/</sm:dependsOn>
        <sm:dependsOn rdf:datatype="&xsd;anyURI">http://www.omg.org/spec/EDMC-FIBO/BE/FunctionalEntities/FunctionalEntities/</sm:dependsOn>
        <sm:dependsOn rdf:datatype="&xsd;anyURI">http://www.omg.org/spec/EDMC-FIBO/BE/LegalEntities/CorporateBodies/</sm:dependsOn>
        <sm:dependsOn rdf:datatype="&xsd;anyURI">http://www.omg.org/spec/EDMC-FIBO/BE/LegalEntities/FormalBusinessOrganizations/</sm:dependsOn>
        <sm:dependsOn rdf:datatype="&xsd;anyURI">http://www.omg.org/spec/EDMC-FIBO/BE/LegalEntities/LegalPersons/</sm:dependsOn>
        <sm:dependsOn rdf:datatype="&xsd;anyURI">http://www.omg.org/spec/EDMC-FIBO/FND/</sm:dependsOn>
        <sm:contentLanguage rdf:datatype="&xsd;anyURI">http://www.omg.org/spec/ODM/</sm:contentLanguage>
        <sm:dependsOn rdf:datatype="&xsd;anyURI">http://www.omg.org/techprocess/ab/SpecificationMetadata/</sm:dependsOn>
        <sm:contentLanguage rdf:datatype="&xsd;anyURI">http://www.w3.org/standards/techs/owl#w3c_all</sm:contentLanguage>
        <sm:keyword rdf:datatype="&xsd;string">legal entities</sm:keyword>
        <sm:keyword rdf:datatype="&xsd;string">ontology</sm:keyword>
        <sm:keyword rdf:datatype="&xsd;string">vocabulary</sm:keyword>
        <owl:versionIRI rdf:resource="http://www.omg.org/spec/EDMC-FIBO/BE/20140501/FunctionalEntities/Publishers/"/>
        <owl:imports rdf:resource="http://www.omg.org/spec/EDMC-FIBO/BE/Corporations/Corporations/"/>
        <owl:imports rdf:resource="http://www.omg.org/spec/EDMC-FIBO/BE/FunctionalEntities/FunctionalEntities/"/>
        <owl:imports rdf:resource="http://www.omg.org/spec/EDMC-FIBO/BE/LegalEntities/CorporateBodies/"/>
        <owl:imports rdf:resource="http://www.omg.org/spec/EDMC-FIBO/BE/LegalEntities/FormalBusinessOrganizations/"/>
        <owl:imports rdf:resource="http://www.omg.org/spec/EDMC-FIBO/BE/LegalEntities/LegalPersons/"/>
        <owl:imports rdf:resource="http://www.omg.org/spec/EDMC-FIBO/FND/Accounting/AccountingEquity/"/>
        <owl:imports rdf:resource="http://www.omg.org/spec/EDMC-FIBO/FND/Accounting/CurrencyAmount/"/>
        <owl:imports rdf:resource="http://www.omg.org/spec/EDMC-FIBO/FND/AgentsAndPeople/Agents/"/>
        <owl:imports rdf:resource="http://www.omg.org/spec/EDMC-FIBO/FND/AgentsAndPeople/People/"/>
        <owl:imports rdf:resource="http://www.omg.org/spec/EDMC-FIBO/FND/Agreements/Agreements/"/>
        <owl:imports rdf:resource="http://www.omg.org/spec/EDMC-FIBO/FND/Agreements/Contracts/"/>
        <owl:imports rdf:resource="http://www.omg.org/spec/EDMC-FIBO/FND/GoalsAndObjectives/Goals/"/>
        <owl:imports rdf:resource="http://www.omg.org/spec/EDMC-FIBO/FND/Law/Jurisdiction/"/>
        <owl:imports rdf:resource="http://www.omg.org/spec/EDMC-FIBO/FND/Law/LegalCapacity/"/>
        <owl:imports rdf:resource="http://www.omg.org/spec/EDMC-FIBO/FND/Law/LegalCore/"/>
        <owl:imports rdf:resource="http://www.omg.org/spec/EDMC-FIBO/FND/Organizations/FormalOrganizations/"/>
        <owl:imports rdf:resource="http://www.omg.org/spec/EDMC-FIBO/FND/Organizations/Organizations/"/>
        <owl:imports rdf:resource="http://www.omg.org/spec/EDMC-FIBO/FND/OwnershipAndControl/Ownership/"/>
        <owl:imports rdf:resource="http://www.omg.org/spec/EDMC-FIBO/FND/Parties/Parties/"/>
        <owl:imports rdf:resource="http://www.omg.org/spec/EDMC-FIBO/FND/Parties/Roles/"/>
        <owl:imports rdf:resource="http://www.omg.org/spec/EDMC-FIBO/FND/Places/Addresses/"/>
        <owl:imports rdf:resource="http://www.omg.org/spec/EDMC-FIBO/FND/Places/Countries/"/>
        <owl:imports rdf:resource="http://www.omg.org/spec/EDMC-FIBO/FND/Places/Locations/"/>
        <owl:imports rdf:resource="http://www.omg.org/spec/EDMC-FIBO/FND/Relations/Relations/"/>
        <owl:imports rdf:resource="http://www.omg.org/spec/EDMC-FIBO/FND/Utilities/AnnotationVocabulary/"/>
        <owl:imports rdf:resource="http://www.omg.org/spec/EDMC-FIBO/FND/Utilities/BusinessFacingTypes/"/>
        <owl:imports rdf:resource="http://www.omg.org/techprocess/ab/SpecificationMetadata/"/>
    </owl:Ontology>
    


    <!-- 
    ///////////////////////////////////////////////////////////////////////////////////////
    //
    // Annotation properties
    //
    ///////////////////////////////////////////////////////////////////////////////////////
     -->

    


    <!-- http://www.omg.org/spec/EDMC-FIBO/FND/Utilities/AnnotationVocabulary/explanatoryNote -->

    <owl:AnnotationProperty rdf:about="&fibo-fnd-utl-av;explanatoryNote"/>
    


    <!-- http://www.w3.org/2002/07/owl#qualifiedCardinality -->

    <owl:AnnotationProperty rdf:about="&owl;qualifiedCardinality"/>
    


    <!-- http://www.w3.org/2004/02/skos/core#definition -->

    <owl:AnnotationProperty rdf:about="&skos;definition"/>
    


    <!-- http://www.w3.org/2004/02/skos/core#scopeNote -->

    <owl:AnnotationProperty rdf:about="&skos;scopeNote"/>
    


    <!-- 
    ///////////////////////////////////////////////////////////////////////////////////////
    //
    // Object Properties
    //
    ///////////////////////////////////////////////////////////////////////////////////////
     -->

    


    <!-- http://www.omg.org/spec/EDMC-FIBO/BE/FunctionalEntities/Publishers/hasPublisher -->

    <owl:ObjectProperty rdf:about="&fibo-be-fct-pub;hasPublisher">
        <rdfs:domain rdf:resource="&fibo-be-fct-pub;Publication"/>
        <rdfs:range rdf:resource="&fibo-be-fct-pub;Publisher"/>
        <owl:inverseOf rdf:resource="&fibo-be-fct-pub;publishes"/>
    </owl:ObjectProperty>
    


    <!-- http://www.omg.org/spec/EDMC-FIBO/BE/FunctionalEntities/Publishers/isPublishedBy -->

    <owl:ObjectProperty rdf:about="&fibo-be-fct-pub;isPublishedBy">
        <rdfs:domain rdf:resource="&fibo-be-fct-pub;Publication"/>
        <rdfs:range rdf:resource="&fibo-fnd-pty-pty;IndependentParty"/>
    </owl:ObjectProperty>
    


    <!-- http://www.omg.org/spec/EDMC-FIBO/BE/FunctionalEntities/Publishers/publishes -->

    <owl:ObjectProperty rdf:about="&fibo-be-fct-pub;publishes">
        <rdfs:range rdf:resource="&fibo-be-fct-pub;Publication"/>
        <rdfs:domain rdf:resource="&fibo-be-fct-pub;Publisher"/>
    </owl:ObjectProperty>
    


    <!-- 
    ///////////////////////////////////////////////////////////////////////////////////////
    //
    // Classes
    //
    ///////////////////////////////////////////////////////////////////////////////////////
     -->

    


    <!-- http://org.semanticweb.owlapi/error#Error1 -->

    <owl:Class rdf:about="http://org.semanticweb.owlapi/error#Error1"/>
    


    <!-- http://org.semanticweb.owlapi/error#Error2 -->

    <owl:Class rdf:about="http://org.semanticweb.owlapi/error#Error2"/>
    


    <!-- http://www.omg.org/spec/EDMC-FIBO/BE/FunctionalEntities/FunctionalEntities/FunctionalBusinessEntity -->

    <owl:Class rdf:about="&fibo-be-fct-fct;FunctionalBusinessEntity"/>
    


    <!-- http://www.omg.org/spec/EDMC-FIBO/BE/FunctionalEntities/Publishers/Publication -->

    <owl:Class rdf:about="&fibo-be-fct-pub;Publication"/>
    


    <!-- http://www.omg.org/spec/EDMC-FIBO/BE/FunctionalEntities/Publishers/Publisher -->

    <owl:Class rdf:about="&fibo-be-fct-pub;Publisher">
        <rdfs:subClassOf rdf:resource="http://org.semanticweb.owlapi/error#Error1"/>
        <rdfs:subClassOf rdf:resource="&fibo-fnd-pty-rl;AgentInRole"/>
    </owl:Class>
    


    <!-- http://www.omg.org/spec/EDMC-FIBO/BE/FunctionalEntities/Publishers/PublishingHouse -->

    <owl:Class rdf:about="&fibo-be-fct-pub;PublishingHouse">
        <rdfs:subClassOf rdf:resource="http://org.semanticweb.owlapi/error#Error2"/>
        <rdfs:subClassOf rdf:resource="&fibo-be-fct-fct;FunctionalBusinessEntity"/>
    </owl:Class>
    


    <!-- http://www.omg.org/spec/EDMC-FIBO/FND/Parties/Parties/IndependentParty -->

    <owl:Class rdf:about="&fibo-fnd-pty-pty;IndependentParty"/>
    


    <!-- http://www.omg.org/spec/EDMC-FIBO/FND/Parties/Roles/AgentInRole -->

    <owl:Class rdf:about="&fibo-fnd-pty-rl;AgentInRole"/>
    <rdf:Description>
        <owl:qualifiedCardinality rdf:datatype="&xsd;nonNegativeInteger">1</owl:qualifiedCardinality>
    </rdf:Description>
    <rdf:Description>
        <owl:qualifiedCardinality rdf:datatype="&xsd;nonNegativeInteger">1</owl:qualifiedCardinality>
    </rdf:Description>
    


    <!-- 
    ///////////////////////////////////////////////////////////////////////////////////////
    //
    // Annotations
    //
    ///////////////////////////////////////////////////////////////////////////////////////
     -->

    <rdf:Description rdf:about="&fibo-be-fct-pub;Publisher">
        <rdfs:label>publisher</rdfs:label>
        <skos:definition rdf:datatype="&xsd;string">That which makes some information available to the world at large.</skos:definition>
        <skos:scopeNote rdf:datatype="&xsd;string">This concept defines some business entity in its role as the publisher of some information.</skos:scopeNote>
        <fibo-fnd-utl-av:explanatoryNote rdf:datatype="&xsd;string">Typically this role is filled by some entity whose function is that of a publishing house (sometimes also referred to as a publisher, in that different sense). Publishers of information may frequently also include bank, government agencies and the like.</fibo-fnd-utl-av:explanatoryNote>
    </rdf:Description>
    <rdf:Description rdf:about="&fibo-be-fct-pub;isPublishedBy">
        <rdfs:label>is published by</rdfs:label>
        <skos:definition rdf:datatype="&xsd;string">the individual or organization which has made this information available to the world at large</skos:definition>
    </rdf:Description>
    <rdf:Description rdf:about="&fibo-be-fct-pub;PublishingHouse">
        <rdfs:label>publishing house</rdfs:label>
        <skos:scopeNote rdf:datatype="&xsd;string">Publishing house in the sense intended here includes any organization whose role is to make information publicly available whether by disemminating it directly otr indirecty and regardless of the type of information. These include organizations whose primary function is that of a market data vendor. </skos:scopeNote>
        <skos:definition rdf:datatype="&xsd;string">some organization whose principal role is to publish information</skos:definition>
    </rdf:Description>
    <rdf:Description rdf:about="&fibo-be-fct-pub;hasPublisher">
        <rdfs:label>has publisher</rdfs:label>
        <skos:definition rdf:datatype="&xsd;string">some person or organization whose role it has been to publish this information</skos:definition>
    </rdf:Description>
    <rdf:Description rdf:about="&fibo-be-fct-pub;publishes">
        <rdfs:label>publishes</rdfs:label>
        <skos:definition rdf:datatype="&xsd;string">information which the publisher has made available to the world at large</skos:definition>
    </rdf:Description>
    <rdf:Description rdf:about="&fibo-be-fct-pub;Publication">
        <rdfs:label>publication</rdfs:label>
        <skos:definition rdf:datatype="&xsd;string">information which has been made publicly available to the world at large</skos:definition>
    </rdf:Description>
</rdf:RDF>



<!-- Generated by the OWL API (version 1.0.0-SNAPSHOT) http://owlapi.sourceforge.net -->

